- ClassBody-StaticBlock/input.js
(0:0-0:6) "class " --> (0:0-0:6) "class "
(0:6-0:10) "Foo " --> (0:6-0:10) "Foo "
(0:10-1:2) "{\n " --> (0:10-1:1) "{\n"
(1:2-1:11) " static {" --> (1:1-1:9) "\tstatic "
(1:11-2:1) "}\n" --> (1:9-2:0) "{}"
(2:1-4:0) "}\n" --> (2:0-3:0) "\n}"
(4:0-4:6) "\nclass" --> (3:0-3:6) "\nclass"
(4:6-4:9) " A1" --> (3:6-3:9) " A1"
(4:9-5:2) " {\n " --> (3:9-4:1) " {\n"
(5:2-6:4) " static{\n   " --> (4:1-5:0) "\tstatic {"
(6:4-7:3) " foo;\n  " --> (5:0-6:1) "\n\t\tfoo;\n"
(7:3-8:1) "}\n" --> (6:1-7:0) "\t}"
(8:1-10:0) "}\n" --> (7:0-8:0) "\n}"
(10:0-10:6) "\nclass" --> (8:0-8:6) "\nclass"
(10:6-10:9) " A2" --> (8:6-8:9) " A2"
(10:9-11:2) " {\n " --> (8:9-9:1) " {\n"
(11:2-12:4) " static {\n   " --> (9:1-10:0) "\tstatic {"
(12:4-12:8) " foo" --> (10:0-11:0) "\n\t\tfoo;"
(12:8-13:3) ";bar;\n  " --> (11:0-12:1) "\n\t\tbar;\n"
(13:3-14:1) "}\n" --> (12:1-13:0) "\t}"
(14:1-15:1) "}\n" --> (13:0-14:1) "\n}\n"



- ModuleExpression/input.js
Expected a semicolon or an implicit semicolon after a statement, but found none


- arrow-function/input.js
(0:0-0:1) "(" --> (0:0-0:0) ""
(0:1-0:7) "() => " --> (0:0-0:6) "() => "
(0:7-0:9) "{ " --> (0:6-1:0) "{"
(0:9-0:16) "return " --> (1:0-1:8) "\n\treturn"
(0:16-0:21) "42; }" --> (1:8-2:0) " 42;"
(0:21-1:1) ")\n" --> (2:0-3:1) "\n};\n"



- arrow-function-compact/input.js
(0:0-0:1) "(" --> (0:0-0:0) ""
(0:1-0:7) "() => " --> (0:0-0:6) "() => "
(0:7-0:9) "{ " --> (0:6-1:0) "{"
(0:9-0:16) "return " --> (1:0-1:8) "\n\treturn"
(0:16-0:21) "42; }" --> (1:8-2:0) " 42;"
(0:21-1:1) ")\n" --> (2:0-3:1) "\n};\n"



- bar-record-tuple-babel-7/input.js
Unexpected token


- call-identifiers/input.js
(0:0-1:0) "foo;" --> (0:0-1:0) "foo;"
(1:0-1:5) "\nfoo(" --> (1:0-1:5) "\nfoo("
(1:5-2:0) ");" --> (1:5-2:0) ");"
(2:0-2:5) "\nfoo(" --> (2:0-2:5) "\nfoo("
(2:5-2:6) ")" --> (2:5-2:6) ")"
(2:6-3:0) ".bar;" --> (2:6-3:0) ".bar;"
(3:0-3:4) "\nobj" --> (3:0-3:4) "\nobj"
(3:4-4:0) ".foo;" --> (3:4-4:0) ".foo;"
(4:0-4:4) "\nobj" --> (4:0-4:4) "\nobj"
(4:4-4:9) ".foo(" --> (4:4-4:9) ".foo("
(4:9-5:0) ");" --> (4:9-5:0) ");"
(5:0-5:4) "\nobj" --> (5:0-5:4) "\nobj"
(5:4-5:8) ".foo" --> (5:4-5:8) ".foo"
(5:8-6:0) ".bar;" --> (5:8-6:0) ".bar;"
(6:0-6:4) "\nobj" --> (6:0-6:4) "\nobj"
(6:4-6:9) ".foo(" --> (6:4-6:9) ".foo("
(6:9-6:10) ")" --> (6:9-6:10) ")"
(6:10-7:0) ".bar;" --> (6:10-7:0) ".bar;"
(7:0-8:2) "\n{\n " --> (7:0-8:0) "\n{"
(8:2-9:2) " foo;\n " --> (8:0-9:0) "\n\tfoo;"
(9:2-9:7) " foo(" --> (9:0-9:6) "\n\tfoo("
(9:7-10:2) ");\n " --> (9:6-10:0) ");"
(10:2-10:7) " foo(" --> (10:0-10:6) "\n\tfoo("
(10:7-10:8) ")" --> (10:6-10:7) ")"
(10:8-11:2) ".bar;\n " --> (10:7-11:0) ".bar;"
(11:2-11:6) " obj" --> (11:0-11:5) "\n\tobj"
(11:6-12:2) ".foo;\n " --> (11:5-12:0) ".foo;"
(12:2-12:6) " obj" --> (12:0-12:5) "\n\tobj"
(12:6-12:11) ".foo(" --> (12:5-12:10) ".foo("
(12:11-13:2) ");\n " --> (12:10-13:0) ");"
(13:2-13:6) " obj" --> (13:0-13:5) "\n\tobj"
(13:6-13:10) ".foo" --> (13:5-13:9) ".foo"
(13:10-14:2) ".bar;\n " --> (13:9-14:0) ".bar;"
(14:2-14:6) " obj" --> (14:0-14:5) "\n\tobj"
(14:6-14:11) ".foo(" --> (14:5-14:10) ".foo("
(14:11-14:12) ")" --> (14:10-14:11) ")"
(14:12-15:1) ".bar;\n" --> (14:11-15:0) ".bar;"
(15:1-16:1) "}\n" --> (15:0-16:1) "\n}\n"



- comment-before-parentheses-return-arg/input.js
(0:0-0:9) "function " --> (0:0-0:9) "function "
(0:9-0:23) "assertElement(" --> (0:9-0:23) "assertElement("
(0:23-0:33) "assertFn, " --> (0:23-0:33) "assertFn, "
(0:33-0:50) "shouldBeElement, " --> (0:33-0:50) "shouldBeElement, "
(0:50-0:63) "opt_message) " --> (0:50-0:63) "opt_message) "
(0:63-1:2) "{\n " --> (0:63-1:0) "{"
(1:2-2:3) " return /** @type {!Ele\tment} */ (\n\t " --> (1:0-1:8) "\n\treturn"
(2:3-3:5) " assertType_(\n\t   " --> (1:8-1:20) " assertType_"
(3:5-4:4) " assertFn,\n\t\t " --> (1:20-1:30) "(assertFn,"
(4:4-5:4) " shouldBeElement,\n\t\t " --> (1:30-1:47) " shouldBeElement,"
(5:4-5:14) " isElement" --> (1:47-1:57) " isElement"
(5:14-5:30) "(shouldBeElement" --> (1:57-1:73) "(shouldBeElement"
(5:30-6:4) "),\n\t\t " --> (1:73-1:75) "),"
(6:4-7:4) " 'Element expected',\n\t\t " --> (1:75-1:95) " \"Element expected\","
(7:4-8:4) " opt_message\n\t  " --> (1:95-1:107) " opt_message"
(8:4-10:1) ")\n\t);\n" --> (1:107-2:0) ");"
(10:1-12:0) "}\n" --> (2:0-3:0) "\n}"
(12:0-12:6) "\nconst" --> (3:0-3:6) "\nconst"
(12:6-12:46) " slot = /** @type {!HTMLSlotElement} */ " --> (3:6-3:13) " slot ="
(12:46-12:48) "(e" --> (3:13-3:15) " e"
(12:48-14:0) ".target);\n" --> (3:15-4:0) ".target;"
(14:0-15:26) "\nassertElement(\n  /** @type {Element} */ " --> (4:0-4:14) "\nassertElement"
(15:26-16:1) "(el),\n" --> (4:14-4:17) "(el"
(16:1-17:1) ");\n" --> (4:17-5:1) ");\n"



- comment-before-parentheses-return-arg-createParenthesizedExpressions/input.js
(0:0-0:9) "function " --> (0:0-0:9) "function "
(0:9-0:23) "assertElement(" --> (0:9-0:23) "assertElement("
(0:23-0:33) "assertFn, " --> (0:23-0:33) "assertFn, "
(0:33-0:50) "shouldBeElement, " --> (0:33-0:50) "shouldBeElement, "
(0:50-0:63) "opt_message) " --> (0:50-0:63) "opt_message) "
(0:63-1:2) "{\n " --> (0:63-1:0) "{"
(1:2-2:3) " return /** @type {!Ele\tment} */ (\n\t " --> (1:0-1:8) "\n\treturn"
(2:3-3:5) " assertType_(\n\t   " --> (1:8-1:20) " assertType_"
(3:5-4:4) " assertFn,\n\t\t " --> (1:20-1:30) "(assertFn,"
(4:4-5:4) " shouldBeElement,\n\t\t " --> (1:30-1:47) " shouldBeElement,"
(5:4-5:14) " isElement" --> (1:47-1:57) " isElement"
(5:14-5:30) "(shouldBeElement" --> (1:57-1:73) "(shouldBeElement"
(5:30-6:4) "),\n\t\t " --> (1:73-1:75) "),"
(6:4-7:4) " 'Element expected',\n\t\t " --> (1:75-1:95) " \"Element expected\","
(7:4-8:4) " opt_message\n\t  " --> (1:95-1:107) " opt_message"
(8:4-10:1) ")\n\t);\n" --> (1:107-2:0) ");"
(10:1-12:0) "}\n" --> (2:0-3:0) "\n}"
(12:0-12:6) "\nconst" --> (3:0-3:6) "\nconst"
(12:6-12:46) " slot = /** @type {!HTMLSlotElement} */ " --> (3:6-3:13) " slot ="
(12:46-12:48) "(e" --> (3:13-3:15) " e"
(12:48-14:0) ".target);\n" --> (3:15-4:0) ".target;"
(14:0-15:26) "\nassertElement(\n  /** @type {Element} */ " --> (4:0-4:14) "\nassertElement"
(15:26-16:1) "(el),\n" --> (4:14-4:17) "(el"
(16:1-17:1) ");\n" --> (4:17-5:1) ");\n"



- function-identifier-name/input.js
(0:0-0:9) "function " --> (0:0-0:9) "function "
(0:9-0:14) "fn() " --> (0:9-0:14) "fn() "
(0:14-0:16) "{}" --> (0:14-0:15) "{"
(0:16-2:0) "\n" --> (0:15-1:0) "}"
(2:0-2:15) "\nexport default" --> (1:0-1:15) "\nexport default"
(2:15-2:27) " function ()" --> (1:15-1:26) " function()"
(2:27-2:29) " {" --> (1:26-1:27) " "
(2:29-4:0) "}\n" --> (1:27-2:0) "{}"
(4:0-4:4) "\nvar" --> (2:0-2:4) "\nvar"
(4:4-4:8) " a =" --> (2:4-2:8) " a ="
(4:8-5:2) " {\n " --> (2:8-3:1) " {\n"
(5:2-5:7) " fn()" --> (3:1-3:6) "\tfn()"
(5:7-5:9) " {" --> (3:6-3:7) " "
(5:9-6:2) "},\n " --> (3:7-4:1) "{},\n"
(6:2-6:5) " fn" --> (4:1-4:5) "\tfn:"
(6:5-6:16) ":function()" --> (4:5-4:16) " function()"
(6:16-6:18) " {" --> (4:16-4:17) " "
(6:18-7:2) "},\n " --> (4:17-5:1) "{},\n"
(7:2-7:3) " " --> (5:1-5:2) "\t"
(7:3-7:7) "[fn]" --> (5:2-5:7) "[fn]:"
(7:7-7:18) ":function()" --> (5:7-5:18) " function()"
(7:18-7:20) " {" --> (5:18-5:19) " "
(7:20-8:2) "},\n " --> (5:19-6:1) "{},\n"
(8:2-8:3) " " --> (6:1-6:2) "\t"
(8:3-8:9) "[\"fn\"]" --> (6:2-6:9) "[\"fn\"]:"
(8:9-8:20) ":function()" --> (6:9-6:20) " function()"
(8:20-8:22) " {" --> (6:20-6:21) " "
(8:22-9:2) "},\n " --> (6:21-7:1) "{},\n"
(9:2-9:3) " " --> (7:1-7:2) "\t"
(9:3-9:14) "[function()" --> (7:2-7:13) "[function()"
(9:14-9:16) " {" --> (7:13-7:14) " "
(9:16-9:18) "}]" --> (7:14-7:18) "{}]:"
(9:18-9:29) ":function()" --> (7:18-7:29) " function()"
(9:29-9:31) " {" --> (7:29-7:30) " "
(9:31-10:2) "},\n " --> (7:30-8:1) "{},\n"
(10:2-10:3) " " --> (8:1-8:2) "\t"
(10:3-10:8) "[()=>" --> (8:2-8:8) "[() =>"
(10:8-10:10) " {" --> (8:8-8:9) " "
(10:10-10:12) "}]" --> (8:9-8:13) "{}]:"
(10:12-10:23) ":function()" --> (8:13-8:24) " function()"
(10:23-10:25) " {" --> (8:24-8:25) " "
(10:25-11:2) "},\n " --> (8:25-9:1) "{},\n"
(11:2-11:3) " " --> (9:1-9:2) "\t"
(11:3-11:9) "[fn]()" --> (9:2-9:8) "[fn]()"
(11:9-11:12) " { " --> (9:8-9:9) " "
(11:12-12:2) "},\n " --> (9:9-10:1) "{},\n"
(12:2-12:3) " " --> (10:1-10:2) "\t"
(12:3-12:11) "[\"fn\"]()" --> (10:2-10:10) "[\"fn\"]()"
(12:11-12:14) " { " --> (10:10-10:11) " "
(12:14-13:2) "},\n " --> (10:11-11:1) "{},\n"
(13:2-13:3) " " --> (11:1-11:2) "\t"
(13:3-13:14) "[function()" --> (11:2-11:13) "[function()"
(13:14-13:16) " {" --> (11:13-11:14) " "
(13:16-13:20) "}]()" --> (11:14-11:19) "{}]()"
(13:20-13:23) " { " --> (11:19-11:20) " "
(13:23-14:2) "},\n " --> (11:20-12:1) "{},\n"
(14:2-14:3) " " --> (12:1-12:2) "\t"
(14:3-14:8) "[()=>" --> (12:2-12:8) "[() =>"
(14:8-14:10) " {" --> (12:8-12:9) " "
(14:10-14:14) "}]()" --> (12:9-12:14) "{}]()"
(14:14-14:17) " { " --> (12:14-12:15) " "
(14:17-15:1) "}\n" --> (12:15-13:0) "{}"
(15:1-17:0) "}\n" --> (13:0-14:0) "\n};"
(17:0-17:6) "\nclass" --> (14:0-14:6) "\nclass"
(17:6-17:8) " b" --> (14:6-14:8) " b"
(17:8-18:2) " {\n " --> (14:8-15:1) " {\n"
(18:2-18:7) " fn()" --> (15:1-15:6) "\tfn()"
(18:7-18:9) " {" --> (15:6-15:7) " "
(18:9-19:2) "};\n " --> (15:7-16:1) "{}\n"
(19:2-19:5) " fn" --> (16:1-16:6) "\tfn ="
(19:5-19:16) "=function()" --> (16:6-16:17) " function()"
(19:16-19:18) " {" --> (16:17-16:18) " "
(19:18-20:2) "};\n " --> (16:18-17:1) "{};\n"
(20:2-20:3) " " --> (17:1-17:2) "\t"
(20:3-20:7) "[fn]" --> (17:2-17:8) "[fn] ="
(20:7-20:18) "=function()" --> (17:8-17:19) " function()"
(20:18-20:20) " {" --> (17:19-17:20) " "
(20:20-21:2) "};\n " --> (17:20-18:1) "{};\n"
(21:2-21:3) " " --> (18:1-18:2) "\t"
(21:3-21:9) "[\"fn\"]" --> (18:2-18:10) "[\"fn\"] ="
(21:9-21:20) "=function()" --> (18:10-18:21) " function()"
(21:20-21:22) " {" --> (18:21-18:22) " "
(21:22-22:2) "};\n " --> (18:22-19:1) "{};\n"
(22:2-22:3) " " --> (19:1-19:2) "\t"
(22:3-22:14) "[function()" --> (19:2-19:13) "[function()"
(22:14-22:16) " {" --> (19:13-19:14) " "
(22:16-22:18) "}]" --> (19:14-19:19) "{}] ="
(22:18-22:29) "=function()" --> (19:19-19:30) " function()"
(22:29-22:31) " {" --> (19:30-19:31) " "
(22:31-23:2) "};\n " --> (19:31-20:1) "{};\n"
(23:2-23:3) " " --> (20:1-20:2) "\t"
(23:3-23:8) "[()=>" --> (20:2-20:8) "[() =>"
(23:8-23:10) " {" --> (20:8-20:9) " "
(23:10-23:12) "}]" --> (20:9-20:14) "{}] ="
(23:12-23:23) "=function()" --> (20:14-20:25) " function()"
(23:23-23:25) " {" --> (20:25-20:26) " "
(23:25-24:2) "};\n " --> (20:26-21:1) "{};\n"
(24:2-24:3) " " --> (21:1-21:2) "\t"
(24:3-24:9) "[fn]()" --> (21:2-21:8) "[fn]()"
(24:9-24:12) " { " --> (21:8-21:9) " "
(24:12-25:2) "};\n " --> (21:9-22:1) "{}\n"
(25:2-25:3) " " --> (22:1-22:2) "\t"
(25:3-25:11) "[\"fn\"]()" --> (22:2-22:10) "[\"fn\"]()"
(25:11-25:14) " { " --> (22:10-22:11) " "
(25:14-26:2) "};\n " --> (22:11-23:1) "{}\n"
(26:2-26:3) " " --> (23:1-23:2) "\t"
(26:3-26:14) "[function()" --> (23:2-23:13) "[function()"
(26:14-26:16) " {" --> (23:13-23:14) " "
(26:16-26:20) "}]()" --> (23:14-23:19) "{}]()"
(26:20-26:23) " { " --> (23:19-23:20) " "
(26:23-27:2) "};\n " --> (23:20-24:1) "{}\n"
(27:2-27:3) " " --> (24:1-24:2) "\t"
(27:3-27:8) "[()=>" --> (24:2-24:8) "[() =>"
(27:8-27:10) " {" --> (24:8-24:9) " "
(27:10-27:14) "}]()" --> (24:9-24:14) "{}]()"
(27:14-27:17) " { " --> (24:14-24:15) " "
(27:17-28:2) "};\n " --> (24:15-25:1) "{}\n"
(28:2-28:7) " #x =" --> (25:1-25:6) "\t#x ="
(28:7-28:18) " function()" --> (25:6-25:17) " function()"
(28:18-28:20) " {" --> (25:17-25:18) " "
(28:20-29:2) "};\n " --> (25:18-26:1) "{};\n"
(29:2-29:11) " accessor" --> (26:1-26:10) "\taccessor"
(29:11-29:15) " y =" --> (26:10-26:12) " y"
(29:15-29:26) " function()" --> (26:12-26:23) "=function()"
(29:26-29:28) " {" --> (26:23-26:24) " "
(29:28-30:1) "}\n" --> (26:24-27:0) "{};"
(30:1-32:0) "}\n" --> (27:0-28:0) "\n}"
(32:0-32:4) "\nvar" --> (28:0-28:4) "\nvar"
(32:4-32:9) " aa =" --> (28:4-28:9) " aa ="
(32:9-33:2) " {\n " --> (28:9-29:1) " {\n"
(33:2-33:5) " fn" --> (29:1-29:5) "\tfn:"
(33:5-33:14) ":function" --> (29:5-29:14) " function"
(33:14-33:18) " a()" --> (29:14-29:18) " a()"
(33:18-33:20) " {" --> (29:18-29:19) " "
(33:20-34:2) "},\n " --> (29:19-30:1) "{},\n"
(34:2-34:3) " " --> (30:1-30:2) "\t"
(34:3-34:7) "[fn]" --> (30:2-30:7) "[fn]:"
(34:7-34:16) ":function" --> (30:7-30:16) " function"
(34:16-34:20) " a()" --> (30:16-30:20) " a()"
(34:20-34:22) " {" --> (30:20-30:21) " "
(34:22-35:2) "},\n " --> (30:21-31:1) "{},\n"
(35:2-35:3) " " --> (31:1-31:2) "\t"
(35:3-35:9) "[\"fn\"]" --> (31:2-31:9) "[\"fn\"]:"
(35:9-35:18) ":function" --> (31:9-31:18) " function"
(35:18-35:22) " a()" --> (31:18-31:22) " a()"
(35:22-35:24) " {" --> (31:22-31:23) " "
(35:24-36:2) "},\n " --> (31:23-32:1) "{},\n"
(36:2-36:3) " " --> (32:1-32:2) "\t"
(36:3-36:14) "[function()" --> (32:2-32:13) "[function()"
(36:14-36:16) " {" --> (32:13-32:14) " "
(36:16-36:18) "}]" --> (32:14-32:18) "{}]:"
(36:18-36:27) ":function" --> (32:18-32:27) " function"
(36:27-36:31) " a()" --> (32:27-32:31) " a()"
(36:31-36:33) " {" --> (32:31-32:32) " "
(36:33-37:2) "},\n " --> (32:32-33:1) "{},\n"
(37:2-37:3) " " --> (33:1-33:2) "\t"
(37:3-37:8) "[()=>" --> (33:2-33:8) "[() =>"
(37:8-37:10) " {" --> (33:8-33:9) " "
(37:10-37:12) "}]" --> (33:9-33:13) "{}]:"
(37:12-37:21) ":function" --> (33:13-33:22) " function"
(37:21-37:25) " a()" --> (33:22-33:26) " a()"
(37:25-37:27) " {" --> (33:26-33:27) " "
(37:27-38:1) "},\n" --> (33:27-34:0) "{}"
(38:1-40:0) "}\n" --> (34:0-35:0) "\n};"
(40:0-40:6) "\nclass" --> (35:0-35:6) "\nclass"
(40:6-40:9) " bb" --> (35:6-35:9) " bb"
(40:9-41:2) " {\n " --> (35:9-36:1) " {\n"
(41:2-41:5) " fn" --> (36:1-36:6) "\tfn ="
(41:5-41:14) "=function" --> (36:6-36:15) " function"
(41:14-41:18) " a()" --> (36:15-36:19) " a()"
(41:18-41:20) " {" --> (36:19-36:20) " "
(41:20-42:2) "};\n " --> (36:20-37:1) "{};\n"
(42:2-42:3) " " --> (37:1-37:2) "\t"
(42:3-42:7) "[fn]" --> (37:2-37:8) "[fn] ="
(42:7-42:16) "=function" --> (37:8-37:17) " function"
(42:16-42:20) " a()" --> (37:17-37:21) " a()"
(42:20-42:22) " {" --> (37:21-37:22) " "
(42:22-43:2) "};\n " --> (37:22-38:1) "{};\n"
(43:2-43:3) " " --> (38:1-38:2) "\t"
(43:3-43:9) "[\"fn\"]" --> (38:2-38:10) "[\"fn\"] ="
(43:9-43:18) "=function" --> (38:10-38:19) " function"
(43:18-43:22) " a()" --> (38:19-38:23) " a()"
(43:22-43:24) " {" --> (38:23-38:24) " "
(43:24-44:2) "};\n " --> (38:24-39:1) "{};\n"
(44:2-44:3) " " --> (39:1-39:2) "\t"
(44:3-44:14) "[function()" --> (39:2-39:13) "[function()"
(44:14-44:16) " {" --> (39:13-39:14) " "
(44:16-44:18) "}]" --> (39:14-39:19) "{}] ="
(44:18-44:27) "=function" --> (39:19-39:28) " function"
(44:27-44:31) " a()" --> (39:28-39:32) " a()"
(44:31-44:33) " {" --> (39:32-39:33) " "
(44:33-45:2) "};\n " --> (39:33-40:1) "{};\n"
(45:2-45:3) " " --> (40:1-40:2) "\t"
(45:3-45:8) "[()=>" --> (40:2-40:8) "[() =>"
(45:8-45:10) " {" --> (40:8-40:9) " "
(45:10-45:12) "}]" --> (40:9-40:14) "{}] ="
(45:12-45:21) "=function" --> (40:14-40:23) " function"
(45:21-45:25) " a()" --> (40:23-40:27) " a()"
(45:25-45:27) " {" --> (40:27-40:28) " "
(45:27-46:1) "};\n" --> (40:28-41:0) "{};"
(46:1-48:0) "}\n" --> (41:0-42:0) "\n}"
(48:0-48:4) "\nvar" --> (42:0-42:4) "\nvar"
(48:4-48:8) " x =" --> (42:4-42:8) " x ="
(48:8-48:17) " function" --> (42:8-42:17) " function"
(48:17-48:22) " fn()" --> (42:17-42:22) " fn()"
(48:22-48:24) " {" --> (42:22-42:23) " "
(48:24-49:0) "};" --> (42:23-43:0) "{};"
(49:0-49:4) "\nvar" --> (43:0-43:4) "\nvar"
(49:4-49:8) " x =" --> (43:4-43:8) " x ="
(49:8-49:20) " function ()" --> (43:8-43:19) " function()"
(49:20-49:22) " {" --> (43:19-43:20) " "
(49:22-51:0) "};\n" --> (43:20-44:0) "{};"
(51:0-51:1) "\n" --> (44:0-44:1) "\n"
(51:1-51:10) "(function" --> (44:1-44:10) "(function"
(51:10-51:15) " fn()" --> (44:10-44:15) " fn()"
(51:15-51:17) " {" --> (44:15-44:16) " "
(51:17-53:0) "});\n" --> (44:16-45:0) "{});"
(53:0-53:4) "\nvar" --> (45:0-45:4) "\nvar"
(53:4-53:8) " z =" --> (45:4-45:8) " z ="
(53:8-53:14) " () =>" --> (45:8-45:14) " () =>"
(53:14-53:16) " {" --> (45:14-45:15) " "
(53:16-54:0) "};" --> (45:15-46:0) "{};"
(54:0-54:4) "\nvar" --> (46:0-46:4) "\nvar"
(54:4-54:8) " z =" --> (46:4-46:8) " z ="
(54:8-54:13) " x =>" --> (46:8-46:15) " (x) =>"
(54:13-54:15) " {" --> (46:15-46:16) " "
(54:15-55:0) "};" --> (46:16-47:0) "{};"
(55:0-55:4) "\nvar" --> (47:0-47:4) "\nvar"
(55:4-55:8) " z =" --> (47:4-47:8) " z ="
(55:8-55:9) " " --> (47:8-47:9) " "
(55:9-55:15) "(x) =>" --> (47:9-47:15) "(x) =>"
(55:15-55:17) " {" --> (47:15-47:16) " "
(55:17-56:0) "};" --> (47:16-48:0) "{};"
(56:0-56:4) "\nvar" --> (48:0-48:4) "\nvar"
(56:4-56:8) " z =" --> (48:4-48:8) " z ="
(56:8-56:9) " " --> (48:8-48:9) " "
(56:9-56:12) "(x," --> (48:9-48:12) "(x,"
(56:12-56:15) " y," --> (48:12-48:15) " y,"
(56:15-56:21) " z) =>" --> (48:15-48:21) " z) =>"
(56:21-56:23) " {" --> (48:21-48:22) " "
(56:23-58:0) "};\n" --> (48:22-49:0) "{};"
(58:0-58:4) "\nx =" --> (49:0-49:4) "\nx ="
(58:4-58:15) " function()" --> (49:4-49:15) " function()"
(58:15-58:17) " {" --> (49:15-49:16) " "
(58:17-60:0) "};\n" --> (49:16-50:0) "{};"
(60:0-60:2) "\n(" --> (50:0-50:1) "\n"
(60:2-60:4) " {" --> (50:1-50:2) "("
(60:4-60:8) " x =" --> (50:2-50:6) "{x ="
(60:8-60:19) " function()" --> (50:6-50:17) " function()"
(60:19-60:21) " {" --> (50:17-50:18) " "
(60:21-60:23) "} " --> (50:18-50:20) "{}"
(60:23-60:26) "} =" --> (50:20-50:23) "} ="
(60:26-60:28) " {" --> (50:23-50:24) " "
(60:28-61:1) "});\n" --> (50:24-51:1) "{});\n"



- hash-record-tuple/input.js
Invalid Character `[`


- hash-record-tuple-babel-7/input.js
Invalid Character `[`


- react.development.js
Too many capturing groups


- string-literal-newline/input.js
(0:0-3:0) "\"before\\\nafter\";\n" --> (0:0-2:0) "\"before\\\nafter\";"
(3:0-6:1) "\n\"before\\\n\\\nafter\";\n" --> (2:0-5:1) "\n\"before\\\n\\\nafter\";\n"



- template-literal-newline/input.js
(1:0-1:1) "\n" --> (0:0-0:1) "`"
(1:1-5:0) "`before\nafter`;\n\n// Newline newline" --> (0:1-2:0) "before\nafter`;"
(5:0-5:1) "\n" --> (2:0-2:1) "\n"
(5:1-10:0) "`before\n\nafter`;\n\n// Newline LineContinuation" --> (2:1-5:0) "`before\n\nafter`;"
(10:0-10:1) "\n" --> (5:0-5:1) "\n"
(10:1-15:0) "`before\n\\\nafter`;\n\n// LineContinuation" --> (5:1-8:0) "`before\n\\\nafter`;"
(15:0-15:1) "\n" --> (8:0-8:1) "\n"
(15:1-19:0) "`before\\\nafter`;\n\n// LineContinuation newline" --> (8:1-10:0) "`before\\\nafter`;"
(19:0-19:1) "\n" --> (10:0-10:1) "\n"
(19:1-24:0) "`before\\\n\nafter`;\n\n// LineContinuation LineContinuation" --> (10:1-13:0) "`before\\\n\nafter`;"
(24:0-24:1) "\n" --> (13:0-13:1) "\n"
(24:1-27:1) "`before\\\n\\\nafter`;\n" --> (13:1-16:1) "`before\\\n\\\nafter`;\n"



