commit: a1587416

minifier_test262 Summary:
AST Parsed     : 46466/46466 (100.00%)
Positive Passed: 46461/46466 (99.99%)
Expect to Parse: "language/expressions/new/S11.2.2_A3_T1.js"
Expect to Parse: "language/expressions/new/S11.2.2_A3_T4.js"
Expect to Parse: "language/types/reference/put-value-prop-base-primitive.js"
Expect to Parse: "staging/explicit-resource-management/call-dispose-methods.js"
Expect to Parse: "staging/explicit-resource-management/exception-handling.js"
